// Jest Snapshot v1, https://goo.gl/fbAQLP

exports[`should header component render correctly 1`] = `
<div>
  <h1>
    Expensify App
  </h1>
  <NavLink
    className={[Function]}
    end={true}
    to="/"
  >
    Dashboard
  </NavLink>
  <NavLink
    className={[Function]}
    to="/create"
  >
    Create Expense
  </NavLink>
  <NavLink
    className={[Function]}
    to="/help"
  >
    Help
  </NavLink>
</div>
`;
